// Jest Snapshot v1, https://goo.gl/fbAQLP

exports[`Header Component should render correctly 1`] = `
<div
  className="makeStyles-grow-1"
>
  <WithStyles(ForwardRef(AppBar))
    position="static"
  >
    <WithStyles(ForwardRef(Toolbar))
      className="makeStyles-toobarRoot-7"
    >
      <WithStyles(ForwardRef(Typography))
        className="makeStyles-title-2"
        noWrap={true}
        variant="h6"
      >
        Moovies for Jeff
      </WithStyles(ForwardRef(Typography))>
      <div
        className="makeStyles-search-3"
      >
        <div
          className="makeStyles-searchIcon-4"
        >
          <SearchIcon />
        </div>
        <WithStyles(ForwardRef(InputBase))
          classes={
            Object {
              "input": "makeStyles-inputInput-6",
              "root": "makeStyles-inputRoot-5",
            }
          }
          inputProps={
            Object {
              "aria-label": "search",
            }
          }
          onChange={[Function]}
          placeholder="Searchâ€¦"
        />
      </div>
    </WithStyles(ForwardRef(Toolbar))>
  </WithStyles(ForwardRef(AppBar))>
</div>
`;
